../Core/Src/main.c:110:5:main	8	static
../Core/Src/main.c:328:6:SystemClock_Config	160	static
../Core/Src/main.c:381:13:MX_TIM1_Init	112	static
../Core/Src/main.c:469:13:MX_TIM2_Init	64	static
../Core/Src/main.c:540:13:MX_TIM3_Init	64	static
../Core/Src/main.c:611:13:MX_TIM4_Init	64	static
../Core/Src/main.c:682:13:MX_TIM8_Init	112	static
../Core/Src/main.c:770:13:MX_USART2_UART_Init	8	static
../Core/Src/main.c:805:13:MX_GPIO_Init	48	static
../Core/Src/main.c:843:6:HAL_UART_RxCpltCallback	16	static
../Core/Src/main.c:848:6:store_message	4	static
../Core/Src/main.c:862:6:UART	4	static
../Core/Src/main.c:908:6:HAL_GPIO_EXTI_Callback	16	static
../Core/Src/main.c:961:6:Error_Handler	4	static,ignoring_inline_asm
